---
source: src/snapshot_middleware/rsml.rs
expression: instance_snapshot
---
snapshot_id: ad795ec8f31826475286a1370ce7d9b8
metadata:
  ignore_unknown_instances: false
  instigating_source:
    Path: /foo.rsml
  relevant_paths:
    - /foo.rsml
    - /foo.meta.json
  context:
    emit_legacy_scripts: true
  specified_id: ~
name: foo
class_name: StyleSheet
properties:
  Attributes:
    Attributes: {}
children:
  - snapshot_id: "00000000000000000000000000000000"
    metadata:
      ignore_unknown_instances: false
      relevant_paths: []
      context:
        emit_legacy_scripts: true
      specified_id: ~
    name: TextButton
    class_name: StyleRule
    properties:
      Selector:
        String: TextButton
    children: []
